[imaginary-ones.org/index.html]
[backblue.gif]
[fade.gif]
[index.html]
[imaginary-ones.org/css/main.css]
[ajax.googleapis.com/ajax/libs/webfont/1.6.26/webfont.js]
[imaginary-ones.org/js/alert.js]
[imaginary-ones.org/js/timer.js]
[imaginary-ones.org/css/alert.css]
[imaginary-ones.org/images/favicon.png]
[imaginary-ones.org/images/icon.png]
[i.imgur.com/RbCL1yH.gif]
[uploads-ssl.webflow.com/61de7298d989570f5853dd20/61f4887d28293a861dd0c0e5_Website Banner (00041) 1 (0-00-00-00).png]
[uploads-ssl.webflow.com/61de7298d989570f5853dd20/61de98c35a7bb673b5956c8c_WalksHD2-poster-00001.jpg]
[uploads-ssl.webflow.com/61de7298d989570f5853dd20/61f108edc32e1d6470485d7b_1 (2).gif]
[uploads-ssl.webflow.com/61de7298d989570f5853dd20/61f104e6c32e1dbe2a484f2e_2.gif]
[uploads-ssl.webflow.com/61de7298d989570f5853dd20/61f1074797255114c317b6ea_3.gif]
[uploads-ssl.webflow.com/61de7298d989570f5853dd20/61deb452389b4e7e55bb47c4_Cmt-Profile.gif]
[uploads-ssl.webflow.com/61de7298d989570f5853dd20/61deb462d03dca701526e1c2_David-Profile.gif]
[uploads-ssl.webflow.com/61de7298d989570f5853dd20/61f0d3c8168a0cf967b4f8b1_Greg-Profile-2.gif]
[uploads-ssl.webflow.com/61de7298d989570f5853dd20/61f0d3c78b1df71081af98e1_Caleb-Profile.gif]
[uploads-ssl.webflow.com/61de7298d989570f5853dd20/61f0d3c8ccb99e4811773980_Jerome-Profile.gif]
[imaginary-ones.org/js/emailDecode.js]
[d3e54v103j8qbb.cloudfront.net/js/jquery-3.5.1.min.dc5e7f18c842ee.js]
[uploads-ssl.webflow.com/61de7298d989570f5853dd20/js/webflow.3ece187bd.js]
[cdnjs.cloudflare.com/ajax/libs/web3/1.7.0/web3.min.js]
[imaginary-ones.org/js/main.js]
[imaginary-ones.org/index.html]
[imaginary-ones.org/css/main.css]
[imaginary-ones.org/css/alert.css]
[imaginary-ones.org/_https_/uploads-ssl.webflow.com/61de7298d989570f5853dd20/61de98c35a7bb673b5956c8c_WalksHD2-poster-00001.html]
[imaginary-ones.org/_https_/uploads-ssl.webflow.com/61de7298d989570f5853dd20/61f10d65be9fd47b6423e99f_WalkTgt-poster-00001.html]
[imaginary-ones.org/cdn-cgi/l/email-protection.html]
